// Jest Snapshot v1, https://goo.gl/fbAQLP

exports[`Entry should render correctly 1`] = `
<Entry
  dispatch={[Function]}
  passwordSet={false}
/>
`;
